[0m00:36:25.192854 [debug] [MainThread]: Sending event: {'category': 'dbt', 'action': 'invocation', 'label': 'start', 'context': [<snowplow_tracker.self_describing_json.SelfDescribingJson object at 0x000001790526F770>, <snowplow_tracker.self_describing_json.SelfDescribingJson object at 0x0000017904EFA480>, <snowplow_tracker.self_describing_json.SelfDescribingJson object at 0x00000179046CF860>]}


============================== 00:36:25.196864 | c5061581-dc22-4a3c-9ce5-49046b97122f ==============================
[0m00:36:25.196864 [info ] [MainThread]: Running with dbt=1.12.0
[0m00:36:25.197875 [debug] [MainThread]: running dbt with arguments {'maximum_seed_size_mib': '1', 'no_print': 'None', 'static_parser': 'True', 'target_path': 'None', 'version_check': 'True', 'warn_error_options': 'WarnErrorOptionsV2(error=[], warn=[], silence=[])', 'printer_width': '80', 'write_json': 'True', 'empty': 'None', 'log_cache_events': 'False', 'introspect': 'True', 'cache_selected_only': 'False', 'log_format': 'default', 'debug': 'False', 'fail_fast': 'False', 'profiles_dir': 'C:\\Users\\PC\\.dbt', 'send_anonymous_usage_stats': 'True', 'quiet': 'False', 'warn_error': 'None', 'partial_parse': 'True', 'indirect_selection': 'eager', 'hints_enabled': 'True', 'use_colors': 'True', 'use_experimental_parser': 'False', 'invocation_command': 'dbt init', 'log_path': 'logs'}
[0m08:48:31.425147 [debug] [MainThread]: Sending event: {'category': 'dbt', 'action': 'invocation', 'label': 'start', 'context': [<snowplow_tracker.self_describing_json.SelfDescribingJson object at 0x00000192068D35C0>, <snowplow_tracker.self_describing_json.SelfDescribingJson object at 0x00000192063E9FD0>, <snowplow_tracker.self_describing_json.SelfDescribingJson object at 0x0000019206168B30>]}


============================== 08:48:31.430147 | 1b7fd02b-a054-45bd-ad0e-e1d8d4070427 ==============================
[0m08:48:31.430147 [info ] [MainThread]: Running with dbt=1.12.0
[0m08:48:31.430147 [debug] [MainThread]: running dbt with arguments {'maximum_seed_size_mib': '1', 'no_print': 'None', 'static_parser': 'True', 'warn_error_options': 'WarnErrorOptionsV2(error=[], warn=[], silence=[])', 'version_check': 'True', 'target_path': 'None', 'printer_width': '80', 'write_json': 'True', 'empty': 'None', 'log_cache_events': 'False', 'introspect': 'True', 'cache_selected_only': 'False', 'fail_fast': 'False', 'debug': 'False', 'log_format': 'default', 'partial_parse': 'True', 'send_anonymous_usage_stats': 'True', 'quiet': 'False', 'warn_error': 'None', 'profiles_dir': 'C:\\Users\\PC\\.dbt', 'indirect_selection': 'eager', 'hints_enabled': 'True', 'use_colors': 'True', 'use_experimental_parser': 'False', 'invocation_command': 'dbt init', 'log_path': 'logs'}
[0m08:48:46.393345 [debug] [MainThread]: Starter project path: D:\AWS_DBT_Snowflake\.venv\Lib\site-packages\dbt\include\starter_project
[0m08:48:46.412343 [info ] [MainThread]: Setting up your profile.
[0m08:48:49.465959 [debug] [MainThread]: Snowflake adapter: Setting snowflake.connector to ERROR (file logging only)
[0m08:48:49.465959 [debug] [MainThread]: Snowflake adapter: Setting botocore to ERROR (file logging only)
[0m08:48:49.465959 [debug] [MainThread]: Snowflake adapter: Setting boto3 to ERROR (file logging only)
[0m09:12:17.401544 [info ] [MainThread]: Profile aws_dbt_snowflake_project written to C:\Users\PC\.dbt\profiles.yml using target's profile_template.yml and your supplied values.
[0m09:12:17.430089 [info ] [MainThread]: Running dbt debug to validate the project...
[0m09:12:17.431088 [info ] [MainThread]: dbt version: 1.12.0
[0m09:12:17.431088 [info ] [MainThread]: python version: 3.12.9
[0m09:12:17.431088 [info ] [MainThread]: python path: D:\AWS_DBT_Snowflake\.venv\Scripts\python.exe
[0m09:12:17.432594 [info ] [MainThread]: os info: Windows-11-10.0.26200-SP0
[0m09:12:17.493695 [info ] [MainThread]: Using profiles dir at C:\Users\PC\.dbt
[0m09:12:17.494695 [info ] [MainThread]: Using profiles.yml file at C:\Users\PC\.dbt\profiles.yml
[0m09:12:17.494695 [info ] [MainThread]: Using dbt_project.yml file at D:\AWS_DBT_Snowflake\aws_dbt_snowflake_project\dbt_project.yml
[0m09:12:17.495694 [info ] [MainThread]: adapter type: snowflake
[0m09:12:17.496695 [info ] [MainThread]: adapter version: 1.12.0
[0m09:12:17.586858 [info ] [MainThread]: Configuration:
[0m09:12:17.586858 [info ] [MainThread]:   profiles.yml file [[32mOK found and valid[0m]
[0m09:12:17.587858 [info ] [MainThread]:   dbt_project.yml file [[32mOK found and valid[0m]
[0m09:12:17.587858 [info ] [MainThread]: Required dependencies:
[0m09:12:17.587858 [debug] [MainThread]: Executing "git --help"
[0m09:12:17.619924 [debug] [MainThread]: STDOUT: "b"usage: git [-v | --version] [-h | --help] [-C <path>] [-c <name>=<value>]\n           [--exec-path[=<path>]] [--html-path] [--man-path] [--info-path]\n           [-p | --paginate | -P | --no-pager] [--no-replace-objects] [--no-lazy-fetch]\n           [--no-optional-locks] [--no-advice] [--bare] [--git-dir=<path>]\n           [--work-tree=<path>] [--namespace=<name>] [--config-env=<name>=<envvar>]\n           <command> [<args>]\n\nThese are common Git commands used in various situations:\n\nstart a working area (see also: git help tutorial)\n   clone      Clone a repository into a new directory\n   init       Create an empty Git repository or reinitialize an existing one\n\nwork on the current change (see also: git help everyday)\n   add        Add file contents to the index\n   mv         Move or rename a file, a directory, or a symlink\n   restore    Restore working tree files\n   rm         Remove files from the working tree and from the index\n\nexamine the history and state (see also: git help revisions)\n   bisect     Use binary search to find the commit that introduced a bug\n   diff       Show changes between commits, commit and working tree, etc\n   grep       Print lines matching a pattern\n   log        Show commit logs\n   show       Show various types of objects\n   status     Show the working tree status\n\ngrow, mark and tweak your common history\n   backfill   Download missing objects in a partial clone\n   branch     List, create, or delete branches\n   commit     Record changes to the repository\n   merge      Join two or more development histories together\n   rebase     Reapply commits on top of another base tip\n   reset      Reset current HEAD to the specified state\n   switch     Switch branches\n   tag        Create, list, delete or verify a tag object signed with GPG\n\ncollaborate (see also: git help workflows)\n   fetch      Download objects and refs from another repository\n   pull       Fetch from and integrate with another repository or a local branch\n   push       Update remote refs along with associated objects\n\n'git help -a' and 'git help -g' list available subcommands and some\nconcept guides. See 'git help <command>' or 'git help <concept>'\nto read about a specific subcommand or concept.\nSee 'git help git' for an overview of the system.\n""
[0m09:12:17.620924 [debug] [MainThread]: STDERR: "b''"
[0m09:12:17.620924 [info ] [MainThread]:  - git [[32mOK found[0m]

[0m09:12:17.621925 [info ] [MainThread]: Connection:
[0m09:12:17.621925 [info ] [MainThread]:   account: JS07650
[0m09:12:17.621925 [info ] [MainThread]:   user: CONGTOAN
[0m09:12:17.622925 [info ] [MainThread]:   database: AIRBNB
[0m09:12:17.622925 [info ] [MainThread]:   warehouse: COMPUTE_WH
[0m09:12:17.622925 [info ] [MainThread]:   role: ACCOUNTADMIN
[0m09:12:17.623924 [info ] [MainThread]:   schema: dbt_schema
[0m09:12:17.623924 [info ] [MainThread]:   authenticator: None
[0m09:12:17.623924 [info ] [MainThread]:   oauth_client_id: None
[0m09:12:17.624924 [info ] [MainThread]:   query_tag: None
[0m09:12:17.624924 [info ] [MainThread]:   client_session_keep_alive: False
[0m09:12:17.624924 [info ] [MainThread]:   host: None
[0m09:12:17.624924 [info ] [MainThread]:   port: None
[0m09:12:17.626023 [info ] [MainThread]:   proxy_host: None
[0m09:12:17.626023 [info ] [MainThread]:   proxy_port: None
[0m09:12:17.626023 [info ] [MainThread]:   protocol: None
[0m09:12:17.627022 [info ] [MainThread]:   connect_retries: 1
[0m09:12:17.627022 [info ] [MainThread]:   connect_timeout: None
[0m09:12:17.627022 [info ] [MainThread]:   retry_on_database_errors: False
[0m09:12:17.628022 [info ] [MainThread]:   retry_all: False
[0m09:12:17.628022 [info ] [MainThread]:   insecure_mode: False
[0m09:12:17.628022 [info ] [MainThread]:   reuse_connections: True
[0m09:12:17.629023 [info ] [MainThread]:   s3_stage_vpce_dns_name: None
[0m09:12:17.629023 [info ] [MainThread]:   workload_identity_provider: None
[0m09:12:17.629023 [info ] [MainThread]:   workload_identity_entra_resource: None
[0m09:12:17.629023 [info ] [MainThread]:   platform_detection_timeout_seconds: 0.0
[0m09:12:17.630022 [info ] [MainThread]: Registered adapter: snowflake=1.12.0
[0m09:12:18.041830 [debug] [MainThread]: Acquiring new snowflake connection 'debug'
[0m09:12:18.056359 [debug] [MainThread]: Using snowflake connection "debug"
[0m09:12:18.057358 [debug] [MainThread]: On debug: select 1 as id
[0m09:12:18.057358 [debug] [MainThread]: Opening a new connection, currently in state init
[0m09:12:20.783287 [debug] [MainThread]: Snowflake adapter: Error running SQL: select 1 as id
[0m09:12:20.784293 [debug] [MainThread]: Snowflake adapter: Rolling back transaction.
[0m09:12:20.785292 [info ] [MainThread]:   Connection test: [[31mERROR[0m]

[0m09:12:20.785292 [info ] [MainThread]: [31m1 check failed:[0m
[0m09:12:20.786293 [info ] [MainThread]: dbt was unable to connect to the specified database.
The database returned the following error:

  >Database Error
  290404 (08001): 404 Not Found: post JS07650.snowflakecomputing.com:443/session/v1/login-request

Check your database credentials and try again. For more information, visit:
https://docs.getdbt.com/docs/configure-your-profile


[0m09:12:20.786293 [info ] [MainThread]: Your new dbt project "aws_dbt_snowflake_project" was created!
Initialized new project in D:\AWS_DBT_Snowflake\aws_dbt_snowflake_project\aws_dbt_snowflake_project

For more information on how to configure the profiles.yml file,
please consult the dbt documentation here:

  https://docs.getdbt.com/docs/configure-your-profile

One more thing:

Need help? Don't hesitate to reach out to us via GitHub issues or on Slack:

  https://community.getdbt.com/

Happy modeling!

[0m09:12:20.787291 [info ] [MainThread]: [31mYour profile may need adjustments. You can find the logs of `dbt debug` above[0m
[0m09:12:20.787291 [debug] [MainThread]: Command `dbt init` succeeded at 09:12:20.787291 after 1429.50 seconds
[0m09:12:20.788293 [debug] [MainThread]: Connection 'debug' was left open.
[0m09:12:20.788293 [debug] [MainThread]: On debug: No close available on handle
[0m09:12:20.788293 [debug] [MainThread]: Sending event: {'category': 'dbt', 'action': 'invocation', 'label': 'end', 'context': [<snowplow_tracker.self_describing_json.SelfDescribingJson object at 0x0000019208423140>, <snowplow_tracker.self_describing_json.SelfDescribingJson object at 0x000001920978D4F0>, <snowplow_tracker.self_describing_json.SelfDescribingJson object at 0x000001920468F290>]}
[0m09:12:20.789292 [debug] [MainThread]: Flushing usage events
[0m09:12:22.174238 [debug] [MainThread]: An error was encountered while trying to flush usage events
[0m09:14:19.690005 [debug] [MainThread]: Sending event: {'category': 'dbt', 'action': 'invocation', 'label': 'start', 'context': [<snowplow_tracker.self_describing_json.SelfDescribingJson object at 0x000001FB5CE28C50>, <snowplow_tracker.self_describing_json.SelfDescribingJson object at 0x000001FB5AB895B0>, <snowplow_tracker.self_describing_json.SelfDescribingJson object at 0x000001FB5AB88380>]}


============================== 09:14:19.694005 | e5fb8c6d-2e92-48bc-9552-aaf611534847 ==============================
[0m09:14:19.694005 [info ] [MainThread]: Running with dbt=1.12.0
[0m09:14:19.695004 [debug] [MainThread]: running dbt with arguments {'version_check': 'True', 'no_print': 'None', 'maximum_seed_size_mib': '1', 'target_path': 'None', 'warn_error_options': 'WarnErrorOptionsV2(error=[], warn=[], silence=[])', 'static_parser': 'True', 'printer_width': '80', 'write_json': 'True', 'introspect': 'True', 'log_cache_events': 'False', 'empty': 'None', 'cache_selected_only': 'False', 'log_format': 'default', 'debug': 'False', 'fail_fast': 'False', 'partial_parse': 'True', 'send_anonymous_usage_stats': 'True', 'quiet': 'False', 'warn_error': 'None', 'profiles_dir': 'C:\\Users\\PC\\.dbt', 'indirect_selection': 'eager', 'hints_enabled': 'True', 'use_colors': 'True', 'use_experimental_parser': 'False', 'invocation_command': 'dbt init', 'log_path': 'logs'}
[0m09:14:39.550109 [debug] [MainThread]: Starter project path: D:\AWS_DBT_Snowflake\.venv\Lib\site-packages\dbt\include\starter_project
[0m09:14:39.561113 [info ] [MainThread]: Setting up your profile.
[0m09:14:50.061917 [debug] [MainThread]: Snowflake adapter: Setting snowflake.connector to ERROR (file logging only)
[0m09:14:50.062917 [debug] [MainThread]: Snowflake adapter: Setting botocore to ERROR (file logging only)
[0m09:14:50.062917 [debug] [MainThread]: Snowflake adapter: Setting boto3 to ERROR (file logging only)
[0m09:16:35.362497 [info ] [MainThread]: Profile aws_dbt_snowflake_project written to C:\Users\PC\.dbt\profiles.yml using target's profile_template.yml and your supplied values.
[0m09:16:35.364498 [info ] [MainThread]: Running dbt debug to validate the project...
[0m09:16:35.364498 [info ] [MainThread]: dbt version: 1.12.0
[0m09:16:35.365505 [info ] [MainThread]: python version: 3.12.9
[0m09:16:35.365505 [info ] [MainThread]: python path: D:\AWS_DBT_Snowflake\.venv\Scripts\python.exe
[0m09:16:35.365505 [info ] [MainThread]: os info: Windows-11-10.0.26200-SP0
[0m09:16:35.428497 [info ] [MainThread]: Using profiles dir at C:\Users\PC\.dbt
[0m09:16:35.429501 [info ] [MainThread]: Using profiles.yml file at C:\Users\PC\.dbt\profiles.yml
[0m09:16:35.429501 [info ] [MainThread]: Using dbt_project.yml file at D:\AWS_DBT_Snowflake\aws_dbt_snowflake_project\dbt_project.yml
[0m09:16:35.430502 [info ] [MainThread]: adapter type: snowflake
[0m09:16:35.431505 [info ] [MainThread]: adapter version: 1.12.0
[0m09:16:35.520015 [info ] [MainThread]: Configuration:
[0m09:16:35.520015 [info ] [MainThread]:   profiles.yml file [[32mOK found and valid[0m]
[0m09:16:35.521016 [info ] [MainThread]:   dbt_project.yml file [[32mOK found and valid[0m]
[0m09:16:35.521016 [info ] [MainThread]: Required dependencies:
[0m09:16:35.521016 [debug] [MainThread]: Executing "git --help"
[0m09:16:35.553044 [debug] [MainThread]: STDOUT: "b"usage: git [-v | --version] [-h | --help] [-C <path>] [-c <name>=<value>]\n           [--exec-path[=<path>]] [--html-path] [--man-path] [--info-path]\n           [-p | --paginate | -P | --no-pager] [--no-replace-objects] [--no-lazy-fetch]\n           [--no-optional-locks] [--no-advice] [--bare] [--git-dir=<path>]\n           [--work-tree=<path>] [--namespace=<name>] [--config-env=<name>=<envvar>]\n           <command> [<args>]\n\nThese are common Git commands used in various situations:\n\nstart a working area (see also: git help tutorial)\n   clone      Clone a repository into a new directory\n   init       Create an empty Git repository or reinitialize an existing one\n\nwork on the current change (see also: git help everyday)\n   add        Add file contents to the index\n   mv         Move or rename a file, a directory, or a symlink\n   restore    Restore working tree files\n   rm         Remove files from the working tree and from the index\n\nexamine the history and state (see also: git help revisions)\n   bisect     Use binary search to find the commit that introduced a bug\n   diff       Show changes between commits, commit and working tree, etc\n   grep       Print lines matching a pattern\n   log        Show commit logs\n   show       Show various types of objects\n   status     Show the working tree status\n\ngrow, mark and tweak your common history\n   backfill   Download missing objects in a partial clone\n   branch     List, create, or delete branches\n   commit     Record changes to the repository\n   merge      Join two or more development histories together\n   rebase     Reapply commits on top of another base tip\n   reset      Reset current HEAD to the specified state\n   switch     Switch branches\n   tag        Create, list, delete or verify a tag object signed with GPG\n\ncollaborate (see also: git help workflows)\n   fetch      Download objects and refs from another repository\n   pull       Fetch from and integrate with another repository or a local branch\n   push       Update remote refs along with associated objects\n\n'git help -a' and 'git help -g' list available subcommands and some\nconcept guides. See 'git help <command>' or 'git help <concept>'\nto read about a specific subcommand or concept.\nSee 'git help git' for an overview of the system.\n""
[0m09:16:35.554044 [debug] [MainThread]: STDERR: "b''"
[0m09:16:35.554044 [info ] [MainThread]:  - git [[32mOK found[0m]

[0m09:16:35.554044 [info ] [MainThread]: Connection:
[0m09:16:35.555046 [info ] [MainThread]:   account: JDXOVYB-JS07650
[0m09:16:35.555046 [info ] [MainThread]:   user: CONGTOAN
[0m09:16:35.555046 [info ] [MainThread]:   database: AIRBNB
[0m09:16:35.556045 [info ] [MainThread]:   warehouse: COMPUTE_WH
[0m09:16:35.556045 [info ] [MainThread]:   role: ACCOUNTADMIN
[0m09:16:35.556045 [info ] [MainThread]:   schema: dbt_schema
[0m09:16:35.557043 [info ] [MainThread]:   authenticator: None
[0m09:16:35.557043 [info ] [MainThread]:   oauth_client_id: None
[0m09:16:35.557043 [info ] [MainThread]:   query_tag: None
[0m09:16:35.558046 [info ] [MainThread]:   client_session_keep_alive: False
[0m09:16:35.558046 [info ] [MainThread]:   host: None
[0m09:16:35.558046 [info ] [MainThread]:   port: None
[0m09:16:35.559045 [info ] [MainThread]:   proxy_host: None
[0m09:16:35.559045 [info ] [MainThread]:   proxy_port: None
[0m09:16:35.559045 [info ] [MainThread]:   protocol: None
[0m09:16:35.560044 [info ] [MainThread]:   connect_retries: 1
[0m09:16:35.560044 [info ] [MainThread]:   connect_timeout: None
[0m09:16:35.560044 [info ] [MainThread]:   retry_on_database_errors: False
[0m09:16:35.560044 [info ] [MainThread]:   retry_all: False
[0m09:16:35.561045 [info ] [MainThread]:   insecure_mode: False
[0m09:16:35.561045 [info ] [MainThread]:   reuse_connections: True
[0m09:16:35.561045 [info ] [MainThread]:   s3_stage_vpce_dns_name: None
[0m09:16:35.562044 [info ] [MainThread]:   workload_identity_provider: None
[0m09:16:35.562044 [info ] [MainThread]:   workload_identity_entra_resource: None
[0m09:16:35.562044 [info ] [MainThread]:   platform_detection_timeout_seconds: 0.0
[0m09:16:35.563046 [info ] [MainThread]: Registered adapter: snowflake=1.12.0
[0m09:16:35.797075 [debug] [MainThread]: Acquiring new snowflake connection 'debug'
[0m09:16:35.800076 [debug] [MainThread]: Using snowflake connection "debug"
[0m09:16:35.800076 [debug] [MainThread]: On debug: select 1 as id
[0m09:16:35.800076 [debug] [MainThread]: Opening a new connection, currently in state init
[0m09:16:36.705780 [debug] [MainThread]: SQL status: SUCCESS 1 in 0.905 seconds
[0m09:16:36.706780 [info ] [MainThread]:   Connection test: [[32mOK connection ok[0m]

[0m09:16:36.706780 [info ] [MainThread]: [32mAll checks passed![0m
[0m09:16:36.707779 [info ] [MainThread]: Your new dbt project "aws_dbt_snowflake_project" was created!
Initialized new project in D:\AWS_DBT_Snowflake\aws_dbt_snowflake_project\aws_dbt_snowflake_project

For more information on how to configure the profiles.yml file,
please consult the dbt documentation here:

  https://docs.getdbt.com/docs/configure-your-profile

One more thing:

Need help? Don't hesitate to reach out to us via GitHub issues or on Slack:

  https://community.getdbt.com/

Happy modeling!

[0m09:16:36.707779 [debug] [MainThread]: Command `dbt init` succeeded at 09:16:36.707779 after 137.14 seconds
[0m09:16:36.708780 [debug] [MainThread]: Connection 'debug' was left open.
[0m09:16:36.708780 [debug] [MainThread]: On debug: Close
[0m09:16:36.873385 [debug] [MainThread]: Sending event: {'category': 'dbt', 'action': 'invocation', 'label': 'end', 'context': [<snowplow_tracker.self_describing_json.SelfDescribingJson object at 0x000001FB5E7FB5F0>, <snowplow_tracker.self_describing_json.SelfDescribingJson object at 0x000001FB5CE2BB00>, <snowplow_tracker.self_describing_json.SelfDescribingJson object at 0x000001FB6016BDD0>]}
[0m09:16:36.873385 [debug] [MainThread]: Flushing usage events
[0m09:16:38.358770 [debug] [MainThread]: An error was encountered while trying to flush usage events
[0m10:29:30.098072 [debug] [MainThread]: Sending event: {'category': 'dbt', 'action': 'invocation', 'label': 'start', 'context': [<snowplow_tracker.self_describing_json.SelfDescribingJson object at 0x0000026E52B89820>, <snowplow_tracker.self_describing_json.SelfDescribingJson object at 0x0000026E557244D0>, <snowplow_tracker.self_describing_json.SelfDescribingJson object at 0x0000026E572C8B00>]}


============================== 10:29:30.102072 | e8f4769f-1b50-4770-b596-c95513d22787 ==============================
[0m10:29:30.102072 [info ] [MainThread]: Running with dbt=1.12.0
[0m10:29:30.102072 [debug] [MainThread]: running dbt with arguments {'static_parser': 'True', 'no_print': 'None', 'maximum_seed_size_mib': '1', 'target_path': 'None', 'warn_error_options': 'WarnErrorOptionsV2(error=[], warn=[], silence=[])', 'version_check': 'True', 'printer_width': '80', 'write_json': 'True', 'introspect': 'True', 'log_cache_events': 'False', 'empty': 'None', 'cache_selected_only': 'False', 'log_format': 'default', 'debug': 'False', 'fail_fast': 'False', 'partial_parse': 'True', 'send_anonymous_usage_stats': 'True', 'quiet': 'False', 'warn_error': 'None', 'profiles_dir': 'C:\\Users\\PC\\.dbt', 'use_colors': 'True', 'hints_enabled': 'True', 'invocation_command': 'dbt debug', 'use_experimental_parser': 'False', 'indirect_selection': 'eager', 'log_path': 'logs'}
[0m10:29:30.118074 [info ] [MainThread]: dbt version: 1.12.0
[0m10:29:30.118074 [info ] [MainThread]: python version: 3.12.9
[0m10:29:30.119073 [info ] [MainThread]: python path: D:\AWS_DBT_Snowflake\.venv\Scripts\python.exe
[0m10:29:30.119073 [info ] [MainThread]: os info: Windows-11-10.0.26200-SP0
[0m10:29:30.511208 [debug] [MainThread]: Snowflake adapter: Setting snowflake.connector to ERROR (file logging only)
[0m10:29:30.511208 [debug] [MainThread]: Snowflake adapter: Setting botocore to ERROR (file logging only)
[0m10:29:30.511208 [debug] [MainThread]: Snowflake adapter: Setting boto3 to ERROR (file logging only)
[0m10:29:30.621207 [info ] [MainThread]: Error importing adapter: No module named 'dbt.adapters.databricks'
[0m10:29:30.622211 [info ] [MainThread]: Using profiles dir at C:\Users\PC\.dbt
[0m10:29:30.622211 [info ] [MainThread]: Using profiles.yml file at C:\Users\PC\.dbt\profiles.yml
[0m10:29:30.622211 [info ] [MainThread]: Using dbt_project.yml file at D:\AWS_DBT_Snowflake\dbt_project.yml
[0m10:29:30.623210 [info ] [MainThread]: Configuration:
[0m10:29:30.623210 [info ] [MainThread]:   profiles.yml file [[31mERROR invalid[0m]
[0m10:29:30.624218 [info ] [MainThread]:   dbt_project.yml file [[31mERROR not found[0m]
[0m10:29:30.624218 [info ] [MainThread]: Required dependencies:
[0m10:29:30.624218 [debug] [MainThread]: Executing "git --help"
[0m10:29:30.656210 [debug] [MainThread]: STDOUT: "b"usage: git [-v | --version] [-h | --help] [-C <path>] [-c <name>=<value>]\n           [--exec-path[=<path>]] [--html-path] [--man-path] [--info-path]\n           [-p | --paginate | -P | --no-pager] [--no-replace-objects] [--no-lazy-fetch]\n           [--no-optional-locks] [--no-advice] [--bare] [--git-dir=<path>]\n           [--work-tree=<path>] [--namespace=<name>] [--config-env=<name>=<envvar>]\n           <command> [<args>]\n\nThese are common Git commands used in various situations:\n\nstart a working area (see also: git help tutorial)\n   clone      Clone a repository into a new directory\n   init       Create an empty Git repository or reinitialize an existing one\n\nwork on the current change (see also: git help everyday)\n   add        Add file contents to the index\n   mv         Move or rename a file, a directory, or a symlink\n   restore    Restore working tree files\n   rm         Remove files from the working tree and from the index\n\nexamine the history and state (see also: git help revisions)\n   bisect     Use binary search to find the commit that introduced a bug\n   diff       Show changes between commits, commit and working tree, etc\n   grep       Print lines matching a pattern\n   log        Show commit logs\n   show       Show various types of objects\n   status     Show the working tree status\n\ngrow, mark and tweak your common history\n   backfill   Download missing objects in a partial clone\n   branch     List, create, or delete branches\n   commit     Record changes to the repository\n   merge      Join two or more development histories together\n   rebase     Reapply commits on top of another base tip\n   reset      Reset current HEAD to the specified state\n   switch     Switch branches\n   tag        Create, list, delete or verify a tag object signed with GPG\n\ncollaborate (see also: git help workflows)\n   fetch      Download objects and refs from another repository\n   pull       Fetch from and integrate with another repository or a local branch\n   push       Update remote refs along with associated objects\n\n'git help -a' and 'git help -g' list available subcommands and some\nconcept guides. See 'git help <command>' or 'git help <concept>'\nto read about a specific subcommand or concept.\nSee 'git help git' for an overview of the system.\n""
[0m10:29:30.656210 [debug] [MainThread]: STDERR: "b''"
[0m10:29:30.657207 [info ] [MainThread]:  - git [[32mOK found[0m]

[0m10:29:30.657207 [info ] [MainThread]: Connection test skipped since no profile was found
[0m10:29:30.657207 [info ] [MainThread]: [31m2 checks failed:[0m
[0m10:29:30.658209 [info ] [MainThread]: Could not load dbt_project.yml
Profile loading failed for the following reason:
Runtime Error
  Credentials in profile "dbt_congtoan", target "dev" invalid: Runtime Error
    Could not find adapter type databricks!


[0m10:29:30.658209 [info ] [MainThread]: Project loading failed for the following reason:
 project path <D:\AWS_DBT_Snowflake\dbt_project.yml> not found

[0m10:29:30.659210 [debug] [MainThread]: Command `dbt debug` failed at 10:29:30.659210 after 0.68 seconds
[0m10:29:30.659210 [debug] [MainThread]: Sending event: {'category': 'dbt', 'action': 'invocation', 'label': 'end', 'context': [<snowplow_tracker.self_describing_json.SelfDescribingJson object at 0x0000026E586F9400>, <snowplow_tracker.self_describing_json.SelfDescribingJson object at 0x0000026E578D20C0>, <snowplow_tracker.self_describing_json.SelfDescribingJson object at 0x0000026E551C67B0>]}
[0m10:29:30.659210 [debug] [MainThread]: Flushing usage events
[0m10:29:32.007187 [debug] [MainThread]: An error was encountered while trying to flush usage events
[0m10:33:28.615099 [debug] [MainThread]: Sending event: {'category': 'dbt', 'action': 'invocation', 'label': 'start', 'context': [<snowplow_tracker.self_describing_json.SelfDescribingJson object at 0x0000022BDBBE2210>, <snowplow_tracker.self_describing_json.SelfDescribingJson object at 0x0000022BE0382A20>, <snowplow_tracker.self_describing_json.SelfDescribingJson object at 0x0000022BDDB86A50>]}


============================== 10:33:28.619100 | 0d1201a8-d902-4ff6-8dc9-bd9e6df4047d ==============================
[0m10:33:28.619100 [info ] [MainThread]: Running with dbt=1.12.0
[0m10:33:28.619100 [debug] [MainThread]: running dbt with arguments {'static_parser': 'True', 'no_print': 'None', 'version_check': 'True', 'warn_error_options': 'WarnErrorOptionsV2(error=[], warn=[], silence=[])', 'target_path': 'None', 'maximum_seed_size_mib': '1', 'printer_width': '80', 'write_json': 'True', 'empty': 'None', 'log_cache_events': 'False', 'introspect': 'True', 'cache_selected_only': 'False', 'log_format': 'default', 'debug': 'False', 'fail_fast': 'False', 'profiles_dir': 'C:\\Users\\PC\\.dbt', 'send_anonymous_usage_stats': 'True', 'quiet': 'False', 'warn_error': 'None', 'partial_parse': 'True', 'invocation_command': 'dbt debug', 'hints_enabled': 'True', 'indirect_selection': 'eager', 'use_experimental_parser': 'False', 'use_colors': 'True', 'log_path': 'logs'}
[0m10:33:28.636101 [info ] [MainThread]: dbt version: 1.12.0
[0m10:33:28.636101 [info ] [MainThread]: python version: 3.12.9
[0m10:33:28.636101 [info ] [MainThread]: python path: D:\AWS_DBT_Snowflake\.venv\Scripts\python.exe
[0m10:33:28.637100 [info ] [MainThread]: os info: Windows-11-10.0.26200-SP0
[0m10:33:29.035099 [debug] [MainThread]: Snowflake adapter: Setting snowflake.connector to ERROR (file logging only)
[0m10:33:29.035099 [debug] [MainThread]: Snowflake adapter: Setting botocore to ERROR (file logging only)
[0m10:33:29.035099 [debug] [MainThread]: Snowflake adapter: Setting boto3 to ERROR (file logging only)
[0m10:33:29.147100 [info ] [MainThread]: Error importing adapter: No module named 'dbt.adapters.databricks'
[0m10:33:29.148105 [info ] [MainThread]: Using profiles dir at C:\Users\PC\.dbt
[0m10:33:29.148105 [info ] [MainThread]: Using profiles.yml file at C:\Users\PC\.dbt\profiles.yml
[0m10:33:29.148105 [info ] [MainThread]: Using dbt_project.yml file at D:\AWS_DBT_Snowflake\dbt_project.yml
[0m10:33:29.149099 [info ] [MainThread]: Configuration:
[0m10:33:29.149099 [info ] [MainThread]:   profiles.yml file [[31mERROR invalid[0m]
[0m10:33:29.149099 [info ] [MainThread]:   dbt_project.yml file [[31mERROR not found[0m]
[0m10:33:29.150099 [info ] [MainThread]: Required dependencies:
[0m10:33:29.150099 [debug] [MainThread]: Executing "git --help"
[0m10:33:29.186100 [debug] [MainThread]: STDOUT: "b"usage: git [-v | --version] [-h | --help] [-C <path>] [-c <name>=<value>]\n           [--exec-path[=<path>]] [--html-path] [--man-path] [--info-path]\n           [-p | --paginate | -P | --no-pager] [--no-replace-objects] [--no-lazy-fetch]\n           [--no-optional-locks] [--no-advice] [--bare] [--git-dir=<path>]\n           [--work-tree=<path>] [--namespace=<name>] [--config-env=<name>=<envvar>]\n           <command> [<args>]\n\nThese are common Git commands used in various situations:\n\nstart a working area (see also: git help tutorial)\n   clone      Clone a repository into a new directory\n   init       Create an empty Git repository or reinitialize an existing one\n\nwork on the current change (see also: git help everyday)\n   add        Add file contents to the index\n   mv         Move or rename a file, a directory, or a symlink\n   restore    Restore working tree files\n   rm         Remove files from the working tree and from the index\n\nexamine the history and state (see also: git help revisions)\n   bisect     Use binary search to find the commit that introduced a bug\n   diff       Show changes between commits, commit and working tree, etc\n   grep       Print lines matching a pattern\n   log        Show commit logs\n   show       Show various types of objects\n   status     Show the working tree status\n\ngrow, mark and tweak your common history\n   backfill   Download missing objects in a partial clone\n   branch     List, create, or delete branches\n   commit     Record changes to the repository\n   merge      Join two or more development histories together\n   rebase     Reapply commits on top of another base tip\n   reset      Reset current HEAD to the specified state\n   switch     Switch branches\n   tag        Create, list, delete or verify a tag object signed with GPG\n\ncollaborate (see also: git help workflows)\n   fetch      Download objects and refs from another repository\n   pull       Fetch from and integrate with another repository or a local branch\n   push       Update remote refs along with associated objects\n\n'git help -a' and 'git help -g' list available subcommands and some\nconcept guides. See 'git help <command>' or 'git help <concept>'\nto read about a specific subcommand or concept.\nSee 'git help git' for an overview of the system.\n""
[0m10:33:29.187099 [debug] [MainThread]: STDERR: "b''"
[0m10:33:29.187099 [info ] [MainThread]:  - git [[32mOK found[0m]

[0m10:33:29.187099 [info ] [MainThread]: Connection test skipped since no profile was found
[0m10:33:29.188099 [info ] [MainThread]: [31m2 checks failed:[0m
[0m10:33:29.188099 [info ] [MainThread]: Could not load dbt_project.yml
Profile loading failed for the following reason:
Runtime Error
  Credentials in profile "dbt_congtoan", target "dev" invalid: Runtime Error
    Could not find adapter type databricks!


[0m10:33:29.188099 [info ] [MainThread]: Project loading failed for the following reason:
 project path <D:\AWS_DBT_Snowflake\dbt_project.yml> not found

[0m10:33:29.189099 [debug] [MainThread]: Command `dbt debug` failed at 10:33:29.189099 after 0.74 seconds
[0m10:33:29.190099 [debug] [MainThread]: Sending event: {'category': 'dbt', 'action': 'invocation', 'label': 'end', 'context': [<snowplow_tracker.self_describing_json.SelfDescribingJson object at 0x0000022BDE774BC0>, <snowplow_tracker.self_describing_json.SelfDescribingJson object at 0x0000022BE1B6E9F0>, <snowplow_tracker.self_describing_json.SelfDescribingJson object at 0x0000022BE18BB5C0>]}
[0m10:33:29.190099 [debug] [MainThread]: Flushing usage events
[0m10:33:30.694680 [debug] [MainThread]: An error was encountered while trying to flush usage events
